[debug] [2025-12-25T22:15:05.441Z] ----------------------------------------------------------------------
[debug] [2025-12-25T22:15:05.443Z] Command:       C:\Program Files\nodejs\node.exe C:\Users\Ivan Zhang\AppData\Roaming\npm\node_modules\firebase-tools\lib\bin\firebase.js deploy
[debug] [2025-12-25T22:15:05.443Z] CLI Version:   15.1.0
[debug] [2025-12-25T22:15:05.443Z] Platform:      win32
[debug] [2025-12-25T22:15:05.443Z] Node Version:  v22.16.0
[debug] [2025-12-25T22:15:05.443Z] Time:          Thu Dec 25 2025 14:15:05 GMT-0800 (Pacific Standard Time)
[debug] [2025-12-25T22:15:05.443Z] ----------------------------------------------------------------------
[debug] 
[debug] [2025-12-25T22:15:06.443Z] > command requires scopes: ["email","openid","https://www.googleapis.com/auth/cloudplatformprojects.readonly","https://www.googleapis.com/auth/firebase","https://www.googleapis.com/auth/cloud-platform"]
[debug] [2025-12-25T22:15:06.443Z] > authorizing via signed-in user (ivanyzhang3@gmail.com)
[debug] [2025-12-25T22:15:06.444Z] [iam] checking project bmrc-logistics for permissions ["firebase.projects.get","firebasehosting.sites.update"]
[debug] [2025-12-25T22:15:06.444Z] Checked if tokens are valid: true, expires at: 1766703711177
[debug] [2025-12-25T22:15:06.444Z] Checked if tokens are valid: true, expires at: 1766703711177
[debug] [2025-12-25T22:15:06.445Z] >>> [apiv2][query] POST https://cloudresourcemanager.googleapis.com/v1/projects/bmrc-logistics:testIamPermissions [none]
[debug] [2025-12-25T22:15:06.445Z] >>> [apiv2][(partial)header] POST https://cloudresourcemanager.googleapis.com/v1/projects/bmrc-logistics:testIamPermissions x-goog-quota-user=projects/bmrc-logistics
[debug] [2025-12-25T22:15:06.445Z] >>> [apiv2][body] POST https://cloudresourcemanager.googleapis.com/v1/projects/bmrc-logistics:testIamPermissions {"permissions":["firebase.projects.get","firebasehosting.sites.update"]}
[debug] [2025-12-25T22:15:06.715Z] <<< [apiv2][status] POST https://cloudresourcemanager.googleapis.com/v1/projects/bmrc-logistics:testIamPermissions 200
[debug] [2025-12-25T22:15:06.715Z] <<< [apiv2][body] POST https://cloudresourcemanager.googleapis.com/v1/projects/bmrc-logistics:testIamPermissions {"permissions":["firebase.projects.get","firebasehosting.sites.update"]}
[debug] [2025-12-25T22:15:06.716Z] Checked if tokens are valid: true, expires at: 1766703711177
[debug] [2025-12-25T22:15:06.716Z] Checked if tokens are valid: true, expires at: 1766703711177
[debug] [2025-12-25T22:15:06.716Z] >>> [apiv2][query] GET https://firebase.googleapis.com/v1beta1/projects/bmrc-logistics [none]
[debug] [2025-12-25T22:15:06.994Z] <<< [apiv2][status] GET https://firebase.googleapis.com/v1beta1/projects/bmrc-logistics 200
[debug] [2025-12-25T22:15:06.994Z] <<< [apiv2][body] GET https://firebase.googleapis.com/v1beta1/projects/bmrc-logistics {"projectId":"bmrc-logistics","projectNumber":"378775757258","displayName":"BMRC Logistics","name":"projects/bmrc-logistics","resources":{"hostingSite":"bmrc-logistics"},"state":"ACTIVE","etag":"1_c53310f7-a368-4690-8d07-88e2edddadcd"}
[debug] [2025-12-25T22:15:08.464Z] Checked if tokens are valid: true, expires at: 1766703711177
[debug] [2025-12-25T22:15:08.464Z] Checked if tokens are valid: true, expires at: 1766703711177
[debug] [2025-12-25T22:15:08.464Z] >>> [apiv2][query] GET https://firebasehosting.googleapis.com/v1beta1/projects/bmrc-logistics/sites pageToken=&pageSize=10
[debug] [2025-12-25T22:15:09.026Z] <<< [apiv2][status] GET https://firebasehosting.googleapis.com/v1beta1/projects/bmrc-logistics/sites 200
[debug] [2025-12-25T22:15:09.026Z] <<< [apiv2][body] GET https://firebasehosting.googleapis.com/v1beta1/projects/bmrc-logistics/sites {"sites":[{"name":"projects/bmrc-logistics/sites/bmrc-logistics","defaultUrl":"https://bmrc-logistics.web.app","appId":"1:378775757258:web:3569885f6ac6c549f96f33","type":"DEFAULT_SITE"}]}
[debug] [2025-12-25T22:15:09.026Z] Checked if tokens are valid: true, expires at: 1766703711177
[debug] [2025-12-25T22:15:09.026Z] Checked if tokens are valid: true, expires at: 1766703711177
[debug] [2025-12-25T22:15:09.026Z] >>> [apiv2][query] GET https://firebase.googleapis.com/v1beta1/projects/-/webApps/1:378775757258:web:3569885f6ac6c549f96f33/config [none]
[debug] [2025-12-25T22:15:09.351Z] <<< [apiv2][status] GET https://firebase.googleapis.com/v1beta1/projects/-/webApps/1:378775757258:web:3569885f6ac6c549f96f33/config 200
[debug] [2025-12-25T22:15:09.351Z] <<< [apiv2][body] GET https://firebase.googleapis.com/v1beta1/projects/-/webApps/1:378775757258:web:3569885f6ac6c549f96f33/config {"projectId":"bmrc-logistics","appId":"1:378775757258:web:3569885f6ac6c549f96f33","storageBucket":"bmrc-logistics.firebasestorage.app","apiKey":"AIzaSyBLajP0BTw6_KHHX8EN7AfVQmtmAnk6btk","authDomain":"bmrc-logistics.firebaseapp.com","messagingSenderId":"378775757258","measurementId":"G-XZ1LLTNYQ1","projectNumber":"378775757258","version":"2"}
[info] 
   Thank you for trying our early preview of Next.js support on Firebase Hosting.
   During the preview, support is best-effort and breaking changes can be expected. Proceed with caution.
   The integration is known to work with Next.js version 12 - 15.0. You may encounter errors.

   Documentation: https://firebase.google.com/docs/hosting/frameworks/nextjs
   File a bug: https://github.com/firebase/firebase-tools/issues/new?template=bug_report.md
   Submit a feature request: https://github.com/firebase/firebase-tools/issues/new?template=feature_request.md

   We'd love to learn from you. Express your interest in helping us shape the future of Firebase Hosting: https://goo.gle/41enW5X

[debug] [2025-12-25T22:15:12.435Z] Checked if tokens are valid: true, expires at: 1766703711177
[debug] [2025-12-25T22:15:12.435Z] Checked if tokens are valid: true, expires at: 1766703711177
[debug] [2025-12-25T22:15:12.435Z] >>> [apiv2][query] GET https://firebasehosting.googleapis.com/v1beta1/projects/bmrc-logistics/sites/bmrc-logistics [none]
[debug] [2025-12-25T22:15:12.562Z] <<< [apiv2][status] GET https://firebasehosting.googleapis.com/v1beta1/projects/bmrc-logistics/sites/bmrc-logistics 200
[debug] [2025-12-25T22:15:12.562Z] <<< [apiv2][body] GET https://firebasehosting.googleapis.com/v1beta1/projects/bmrc-logistics/sites/bmrc-logistics {"name":"projects/bmrc-logistics/sites/bmrc-logistics","defaultUrl":"https://bmrc-logistics.web.app","appId":"1:378775757258:web:3569885f6ac6c549f96f33","type":"DEFAULT_SITE"}
[info] ▲ Next.js 16.1.1 (Turbopack)

[info] - Environments: .env.local


[info]   Creating an optimized production build ...

[info] ✓ Compiled successfully in 4.1s

[info]   Running TypeScript ...

[info]   Collecting page data using 31 workers ...

[info] 

[info] > Build error occurred

[info] Error: Page "/mobile/[id]/checkout" is missing "generateStaticParams()" so it cannot be used with "output: export" config.
    at ignore-listed frames

[debug] [2025-12-25T22:15:21.154Z] Error: ENOENT: no such file or directory, open 'C:\Users\Ivan Zhang\Documents\BMRC\BMRC-Logistics\.next\export-marker.json'
[error] 
[error] Error: An unexpected error has occurred.
[debug] [2025-12-25T23:13:09.905Z] ----------------------------------------------------------------------
[debug] [2025-12-25T23:13:09.907Z] Command:       C:\Program Files\nodejs\node.exe C:\Users\Ivan Zhang\AppData\Roaming\npm\node_modules\firebase-tools\lib\bin\firebase.js deploy
[debug] [2025-12-25T23:13:09.907Z] CLI Version:   15.1.0
[debug] [2025-12-25T23:13:09.907Z] Platform:      win32
[debug] [2025-12-25T23:13:09.907Z] Node Version:  v22.16.0
[debug] [2025-12-25T23:13:09.907Z] Time:          Thu Dec 25 2025 15:13:09 GMT-0800 (Pacific Standard Time)
[debug] [2025-12-25T23:13:09.907Z] ----------------------------------------------------------------------
[debug] 
[debug] [2025-12-25T23:13:10.889Z] > command requires scopes: ["email","openid","https://www.googleapis.com/auth/cloudplatformprojects.readonly","https://www.googleapis.com/auth/firebase","https://www.googleapis.com/auth/cloud-platform"]
[debug] [2025-12-25T23:13:10.889Z] > authorizing via signed-in user (ivanyzhang3@gmail.com)
[debug] [2025-12-25T23:13:10.889Z] [iam] checking project bmrc-logistics for permissions ["firebase.projects.get","firebasehosting.sites.update"]
[debug] [2025-12-25T23:13:10.890Z] Checked if tokens are valid: false, expires at: 1766703711177
[debug] [2025-12-25T23:13:10.890Z] Checked if tokens are valid: false, expires at: 1766703711177
[debug] [2025-12-25T23:13:10.890Z] > refreshing access token with scopes: []
[debug] [2025-12-25T23:13:10.891Z] >>> [apiv2][query] POST https://www.googleapis.com/oauth2/v3/token [none]
[debug] [2025-12-25T23:13:10.891Z] >>> [apiv2][body] POST https://www.googleapis.com/oauth2/v3/token [omitted]
[debug] [2025-12-25T23:13:11.082Z] <<< [apiv2][status] POST https://www.googleapis.com/oauth2/v3/token 200
[debug] [2025-12-25T23:13:11.083Z] <<< [apiv2][body] POST https://www.googleapis.com/oauth2/v3/token [omitted]
[debug] [2025-12-25T23:13:11.098Z] >>> [apiv2][query] POST https://cloudresourcemanager.googleapis.com/v1/projects/bmrc-logistics:testIamPermissions [none]
[debug] [2025-12-25T23:13:11.098Z] >>> [apiv2][(partial)header] POST https://cloudresourcemanager.googleapis.com/v1/projects/bmrc-logistics:testIamPermissions x-goog-quota-user=projects/bmrc-logistics
[debug] [2025-12-25T23:13:11.098Z] >>> [apiv2][body] POST https://cloudresourcemanager.googleapis.com/v1/projects/bmrc-logistics:testIamPermissions {"permissions":["firebase.projects.get","firebasehosting.sites.update"]}
[debug] [2025-12-25T23:13:11.332Z] <<< [apiv2][status] POST https://cloudresourcemanager.googleapis.com/v1/projects/bmrc-logistics:testIamPermissions 200
[debug] [2025-12-25T23:13:11.332Z] <<< [apiv2][body] POST https://cloudresourcemanager.googleapis.com/v1/projects/bmrc-logistics:testIamPermissions {"permissions":["firebase.projects.get","firebasehosting.sites.update"]}
[debug] [2025-12-25T23:13:11.332Z] Checked if tokens are valid: true, expires at: 1766707990083
[debug] [2025-12-25T23:13:11.332Z] Checked if tokens are valid: true, expires at: 1766707990083
[debug] [2025-12-25T23:13:11.333Z] >>> [apiv2][query] GET https://firebase.googleapis.com/v1beta1/projects/bmrc-logistics [none]
[debug] [2025-12-25T23:13:11.561Z] <<< [apiv2][status] GET https://firebase.googleapis.com/v1beta1/projects/bmrc-logistics 200
[debug] [2025-12-25T23:13:11.561Z] <<< [apiv2][body] GET https://firebase.googleapis.com/v1beta1/projects/bmrc-logistics {"projectId":"bmrc-logistics","projectNumber":"378775757258","displayName":"BMRC Logistics","name":"projects/bmrc-logistics","resources":{"hostingSite":"bmrc-logistics"},"state":"ACTIVE","etag":"1_c53310f7-a368-4690-8d07-88e2edddadcd"}
[debug] [2025-12-25T23:13:12.984Z] Checked if tokens are valid: true, expires at: 1766707990083
[debug] [2025-12-25T23:13:12.984Z] Checked if tokens are valid: true, expires at: 1766707990083
[debug] [2025-12-25T23:13:12.984Z] >>> [apiv2][query] GET https://firebasehosting.googleapis.com/v1beta1/projects/bmrc-logistics/sites pageToken=&pageSize=10
[debug] [2025-12-25T23:13:13.510Z] <<< [apiv2][status] GET https://firebasehosting.googleapis.com/v1beta1/projects/bmrc-logistics/sites 200
[debug] [2025-12-25T23:13:13.510Z] <<< [apiv2][body] GET https://firebasehosting.googleapis.com/v1beta1/projects/bmrc-logistics/sites {"sites":[{"name":"projects/bmrc-logistics/sites/bmrc-logistics","defaultUrl":"https://bmrc-logistics.web.app","appId":"1:378775757258:web:3569885f6ac6c549f96f33","type":"DEFAULT_SITE"}]}
[debug] [2025-12-25T23:13:13.510Z] Checked if tokens are valid: true, expires at: 1766707990083
[debug] [2025-12-25T23:13:13.510Z] Checked if tokens are valid: true, expires at: 1766707990083
[debug] [2025-12-25T23:13:13.510Z] >>> [apiv2][query] GET https://firebase.googleapis.com/v1beta1/projects/-/webApps/1:378775757258:web:3569885f6ac6c549f96f33/config [none]
[debug] [2025-12-25T23:13:13.916Z] <<< [apiv2][status] GET https://firebase.googleapis.com/v1beta1/projects/-/webApps/1:378775757258:web:3569885f6ac6c549f96f33/config 200
[debug] [2025-12-25T23:13:13.916Z] <<< [apiv2][body] GET https://firebase.googleapis.com/v1beta1/projects/-/webApps/1:378775757258:web:3569885f6ac6c549f96f33/config {"projectId":"bmrc-logistics","appId":"1:378775757258:web:3569885f6ac6c549f96f33","storageBucket":"bmrc-logistics.firebasestorage.app","apiKey":"AIzaSyBLajP0BTw6_KHHX8EN7AfVQmtmAnk6btk","authDomain":"bmrc-logistics.firebaseapp.com","messagingSenderId":"378775757258","measurementId":"G-XZ1LLTNYQ1","projectNumber":"378775757258","version":"2"}
[info] 
   Thank you for trying our early preview of Next.js support on Firebase Hosting.
   During the preview, support is best-effort and breaking changes can be expected. Proceed with caution.
   The integration is known to work with Next.js version 12 - 15.0. You may encounter errors.

   Documentation: https://firebase.google.com/docs/hosting/frameworks/nextjs
   File a bug: https://github.com/firebase/firebase-tools/issues/new?template=bug_report.md
   Submit a feature request: https://github.com/firebase/firebase-tools/issues/new?template=feature_request.md

   We'd love to learn from you. Express your interest in helping us shape the future of Firebase Hosting: https://goo.gle/41enW5X

[debug] [2025-12-25T23:13:16.973Z] Checked if tokens are valid: true, expires at: 1766707990083
[debug] [2025-12-25T23:13:16.973Z] Checked if tokens are valid: true, expires at: 1766707990083
[debug] [2025-12-25T23:13:16.973Z] >>> [apiv2][query] GET https://firebasehosting.googleapis.com/v1beta1/projects/bmrc-logistics/sites/bmrc-logistics [none]
[debug] [2025-12-25T23:13:17.102Z] <<< [apiv2][status] GET https://firebasehosting.googleapis.com/v1beta1/projects/bmrc-logistics/sites/bmrc-logistics 200
[debug] [2025-12-25T23:13:17.102Z] <<< [apiv2][body] GET https://firebasehosting.googleapis.com/v1beta1/projects/bmrc-logistics/sites/bmrc-logistics {"name":"projects/bmrc-logistics/sites/bmrc-logistics","defaultUrl":"https://bmrc-logistics.web.app","appId":"1:378775757258:web:3569885f6ac6c549f96f33","type":"DEFAULT_SITE"}
[info] ▲ Next.js 16.1.1 (Turbopack)

[info] - Environments: .env.local


[info]   Creating an optimized production build ...

[info] ✓ Compiled successfully in 4.1s

[info]   Running TypeScript ...

[info]   Collecting page data using 31 workers ...

[info] 

[info] > Build error occurred

[info] Error: Page "/mobile/[id]/checkout" is missing "generateStaticParams()" so it cannot be used with "output: export" config.
    at ignore-listed frames

[debug] [2025-12-25T23:13:25.709Z] Error: ENOENT: no such file or directory, open 'C:\Users\Ivan Zhang\Documents\BMRC\BMRC-Logistics\.next\export-marker.json'
[error] 
[error] Error: An unexpected error has occurred.
